// Jest Snapshot v1, https://goo.gl/fbAQLP

exports[`Footer heading should have a white color 1`] = `
Object {
  "asFragment": [Function],
  "baseElement": <body>
    <div>
      <div
        class="container"
      >
        <div
          class="content"
        >
          <div
            class="aboutUs"
          >
            <img
              alt="logo"
              src="/images/logo/whiteLogo.svg"
            />
            <p>
              Компания «Султан» — снабжаем розничные магазины товарами "под ключ" в Кокчетаве и Акмолинской области
            </p>
            <p>
              Подпишись на скидки и акции
            </p>
            <div
              class="input"
            >
              <input
                placeholder="Введите ваш E-mail"
                type="email"
              />
              <img
                alt="arrow"
                src="/images/arrows/arrow.svg"
              />
            </div>
          </div>
          <div
            class="menu"
          >
            <h4
              class="title"
              role="heading"
            >
              Меню сайта:
            </h4>
            <p>
              О компании
            </p>
            <p>
              Доставка и оплата
            </p>
            <p>
              Возврат
            </p>
            <p>
              Контакты
            </p>
          </div>
          <div
            class="categories"
          >
            <h4
              class="title"
              role="heading"
            >
              Категории:
            </h4>
            <p>
              Бытовая химия
            </p>
            <p>
              Косметика и гигиена
            </p>
            <p>
              Товары для дома
            </p>
            <p>
              Товары для детей и мам
            </p>
            <p>
              Посуда
            </p>
          </div>
          <div
            class="priceList"
          >
            <h4
              class="title"
              role="heading"
            >
              Скачать прайс-лист:
            </h4>
            <button>
              Прайс-лист
              <img
                alt="download"
                src="/images/icons/download.svg"
              />
            </button>
            <div
              class="socials"
            >
              <p>
                Связь в мессенджерах:
              </p>
              <div
                class="socialsList"
              >
                <img
                  alt="whatsapp"
                  src="/images/footer-pictures/whatsapp.png"
                />
                <img
                  alt="telegram"
                  src="/images/footer-pictures/telegram.png"
                />
              </div>
            </div>
          </div>
          <div
            class="contacts"
          >
            <h4
              class="title"
              role="heading"
            >
              Контакты:
            </h4>
            <p>
              +7 (777) 490-00-91
            </p>
            <p>
              время работы: 9:00-20:00
            </p>
            <a
              href=""
            >
              Заказать звонок
            </a>
            <div
              class="mail"
            >
              <p>
                opt.sultan@mail.ru 
              </p>
              <p>
                На связи в любое время
              </p>
            </div>
            <div
              class="cards"
            >
              <img
                alt="visa"
                src="/images/footer-pictures/visa.png"
              />
              <img
                alt="mastercard"
                src="/images/footer-pictures/mastercard.png"
              />
            </div>
          </div>
        </div>
      </div>
    </div>
  </body>,
  "container": <div>
    <div
      class="container"
    >
      <div
        class="content"
      >
        <div
          class="aboutUs"
        >
          <img
            alt="logo"
            src="/images/logo/whiteLogo.svg"
          />
          <p>
            Компания «Султан» — снабжаем розничные магазины товарами "под ключ" в Кокчетаве и Акмолинской области
          </p>
          <p>
            Подпишись на скидки и акции
          </p>
          <div
            class="input"
          >
            <input
              placeholder="Введите ваш E-mail"
              type="email"
            />
            <img
              alt="arrow"
              src="/images/arrows/arrow.svg"
            />
          </div>
        </div>
        <div
          class="menu"
        >
          <h4
            class="title"
            role="heading"
          >
            Меню сайта:
          </h4>
          <p>
            О компании
          </p>
          <p>
            Доставка и оплата
          </p>
          <p>
            Возврат
          </p>
          <p>
            Контакты
          </p>
        </div>
        <div
          class="categories"
        >
          <h4
            class="title"
            role="heading"
          >
            Категории:
          </h4>
          <p>
            Бытовая химия
          </p>
          <p>
            Косметика и гигиена
          </p>
          <p>
            Товары для дома
          </p>
          <p>
            Товары для детей и мам
          </p>
          <p>
            Посуда
          </p>
        </div>
        <div
          class="priceList"
        >
          <h4
            class="title"
            role="heading"
          >
            Скачать прайс-лист:
          </h4>
          <button>
            Прайс-лист
            <img
              alt="download"
              src="/images/icons/download.svg"
            />
          </button>
          <div
            class="socials"
          >
            <p>
              Связь в мессенджерах:
            </p>
            <div
              class="socialsList"
            >
              <img
                alt="whatsapp"
                src="/images/footer-pictures/whatsapp.png"
              />
              <img
                alt="telegram"
                src="/images/footer-pictures/telegram.png"
              />
            </div>
          </div>
        </div>
        <div
          class="contacts"
        >
          <h4
            class="title"
            role="heading"
          >
            Контакты:
          </h4>
          <p>
            +7 (777) 490-00-91
          </p>
          <p>
            время работы: 9:00-20:00
          </p>
          <a
            href=""
          >
            Заказать звонок
          </a>
          <div
            class="mail"
          >
            <p>
              opt.sultan@mail.ru 
            </p>
            <p>
              На связи в любое время
            </p>
          </div>
          <div
            class="cards"
          >
            <img
              alt="visa"
              src="/images/footer-pictures/visa.png"
            />
            <img
              alt="mastercard"
              src="/images/footer-pictures/mastercard.png"
            />
          </div>
        </div>
      </div>
    </div>
  </div>,
  "debug": [Function],
  "findAllByAltText": [Function],
  "findAllByDisplayValue": [Function],
  "findAllByLabelText": [Function],
  "findAllByPlaceholderText": [Function],
  "findAllByRole": [Function],
  "findAllByTestId": [Function],
  "findAllByText": [Function],
  "findAllByTitle": [Function],
  "findByAltText": [Function],
  "findByDisplayValue": [Function],
  "findByLabelText": [Function],
  "findByPlaceholderText": [Function],
  "findByRole": [Function],
  "findByTestId": [Function],
  "findByText": [Function],
  "findByTitle": [Function],
  "getAllByAltText": [Function],
  "getAllByDisplayValue": [Function],
  "getAllByLabelText": [Function],
  "getAllByPlaceholderText": [Function],
  "getAllByRole": [Function],
  "getAllByTestId": [Function],
  "getAllByText": [Function],
  "getAllByTitle": [Function],
  "getByAltText": [Function],
  "getByDisplayValue": [Function],
  "getByLabelText": [Function],
  "getByPlaceholderText": [Function],
  "getByRole": [Function],
  "getByTestId": [Function],
  "getByText": [Function],
  "getByTitle": [Function],
  "queryAllByAltText": [Function],
  "queryAllByDisplayValue": [Function],
  "queryAllByLabelText": [Function],
  "queryAllByPlaceholderText": [Function],
  "queryAllByRole": [Function],
  "queryAllByTestId": [Function],
  "queryAllByText": [Function],
  "queryAllByTitle": [Function],
  "queryByAltText": [Function],
  "queryByDisplayValue": [Function],
  "queryByLabelText": [Function],
  "queryByPlaceholderText": [Function],
  "queryByRole": [Function],
  "queryByTestId": [Function],
  "queryByText": [Function],
  "queryByTitle": [Function],
  "rerender": [Function],
  "unmount": [Function],
}
`;

exports[`Footer should render Footer 1`] = `
Object {
  "asFragment": [Function],
  "baseElement": <body>
    <div>
      <div
        class="container"
      >
        <div
          class="content"
        >
          <div
            class="aboutUs"
          >
            <img
              alt="logo"
              src="/images/logo/whiteLogo.svg"
            />
            <p>
              Компания «Султан» — снабжаем розничные магазины товарами "под ключ" в Кокчетаве и Акмолинской области
            </p>
            <p>
              Подпишись на скидки и акции
            </p>
            <div
              class="input"
            >
              <input
                placeholder="Введите ваш E-mail"
                type="email"
              />
              <img
                alt="arrow"
                src="/images/arrows/arrow.svg"
              />
            </div>
          </div>
          <div
            class="menu"
          >
            <h4
              class="title"
              role="heading"
            >
              Меню сайта:
            </h4>
            <p>
              О компании
            </p>
            <p>
              Доставка и оплата
            </p>
            <p>
              Возврат
            </p>
            <p>
              Контакты
            </p>
          </div>
          <div
            class="categories"
          >
            <h4
              class="title"
              role="heading"
            >
              Категории:
            </h4>
            <p>
              Бытовая химия
            </p>
            <p>
              Косметика и гигиена
            </p>
            <p>
              Товары для дома
            </p>
            <p>
              Товары для детей и мам
            </p>
            <p>
              Посуда
            </p>
          </div>
          <div
            class="priceList"
          >
            <h4
              class="title"
              role="heading"
            >
              Скачать прайс-лист:
            </h4>
            <button>
              Прайс-лист
              <img
                alt="download"
                src="/images/icons/download.svg"
              />
            </button>
            <div
              class="socials"
            >
              <p>
                Связь в мессенджерах:
              </p>
              <div
                class="socialsList"
              >
                <img
                  alt="whatsapp"
                  src="/images/footer-pictures/whatsapp.png"
                />
                <img
                  alt="telegram"
                  src="/images/footer-pictures/telegram.png"
                />
              </div>
            </div>
          </div>
          <div
            class="contacts"
          >
            <h4
              class="title"
              role="heading"
            >
              Контакты:
            </h4>
            <p>
              +7 (777) 490-00-91
            </p>
            <p>
              время работы: 9:00-20:00
            </p>
            <a
              href=""
            >
              Заказать звонок
            </a>
            <div
              class="mail"
            >
              <p>
                opt.sultan@mail.ru 
              </p>
              <p>
                На связи в любое время
              </p>
            </div>
            <div
              class="cards"
            >
              <img
                alt="visa"
                src="/images/footer-pictures/visa.png"
              />
              <img
                alt="mastercard"
                src="/images/footer-pictures/mastercard.png"
              />
            </div>
          </div>
        </div>
      </div>
    </div>
  </body>,
  "container": <div>
    <div
      class="container"
    >
      <div
        class="content"
      >
        <div
          class="aboutUs"
        >
          <img
            alt="logo"
            src="/images/logo/whiteLogo.svg"
          />
          <p>
            Компания «Султан» — снабжаем розничные магазины товарами "под ключ" в Кокчетаве и Акмолинской области
          </p>
          <p>
            Подпишись на скидки и акции
          </p>
          <div
            class="input"
          >
            <input
              placeholder="Введите ваш E-mail"
              type="email"
            />
            <img
              alt="arrow"
              src="/images/arrows/arrow.svg"
            />
          </div>
        </div>
        <div
          class="menu"
        >
          <h4
            class="title"
            role="heading"
          >
            Меню сайта:
          </h4>
          <p>
            О компании
          </p>
          <p>
            Доставка и оплата
          </p>
          <p>
            Возврат
          </p>
          <p>
            Контакты
          </p>
        </div>
        <div
          class="categories"
        >
          <h4
            class="title"
            role="heading"
          >
            Категории:
          </h4>
          <p>
            Бытовая химия
          </p>
          <p>
            Косметика и гигиена
          </p>
          <p>
            Товары для дома
          </p>
          <p>
            Товары для детей и мам
          </p>
          <p>
            Посуда
          </p>
        </div>
        <div
          class="priceList"
        >
          <h4
            class="title"
            role="heading"
          >
            Скачать прайс-лист:
          </h4>
          <button>
            Прайс-лист
            <img
              alt="download"
              src="/images/icons/download.svg"
            />
          </button>
          <div
            class="socials"
          >
            <p>
              Связь в мессенджерах:
            </p>
            <div
              class="socialsList"
            >
              <img
                alt="whatsapp"
                src="/images/footer-pictures/whatsapp.png"
              />
              <img
                alt="telegram"
                src="/images/footer-pictures/telegram.png"
              />
            </div>
          </div>
        </div>
        <div
          class="contacts"
        >
          <h4
            class="title"
            role="heading"
          >
            Контакты:
          </h4>
          <p>
            +7 (777) 490-00-91
          </p>
          <p>
            время работы: 9:00-20:00
          </p>
          <a
            href=""
          >
            Заказать звонок
          </a>
          <div
            class="mail"
          >
            <p>
              opt.sultan@mail.ru 
            </p>
            <p>
              На связи в любое время
            </p>
          </div>
          <div
            class="cards"
          >
            <img
              alt="visa"
              src="/images/footer-pictures/visa.png"
            />
            <img
              alt="mastercard"
              src="/images/footer-pictures/mastercard.png"
            />
          </div>
        </div>
      </div>
    </div>
  </div>,
  "debug": [Function],
  "findAllByAltText": [Function],
  "findAllByDisplayValue": [Function],
  "findAllByLabelText": [Function],
  "findAllByPlaceholderText": [Function],
  "findAllByRole": [Function],
  "findAllByTestId": [Function],
  "findAllByText": [Function],
  "findAllByTitle": [Function],
  "findByAltText": [Function],
  "findByDisplayValue": [Function],
  "findByLabelText": [Function],
  "findByPlaceholderText": [Function],
  "findByRole": [Function],
  "findByTestId": [Function],
  "findByText": [Function],
  "findByTitle": [Function],
  "getAllByAltText": [Function],
  "getAllByDisplayValue": [Function],
  "getAllByLabelText": [Function],
  "getAllByPlaceholderText": [Function],
  "getAllByRole": [Function],
  "getAllByTestId": [Function],
  "getAllByText": [Function],
  "getAllByTitle": [Function],
  "getByAltText": [Function],
  "getByDisplayValue": [Function],
  "getByLabelText": [Function],
  "getByPlaceholderText": [Function],
  "getByRole": [Function],
  "getByTestId": [Function],
  "getByText": [Function],
  "getByTitle": [Function],
  "queryAllByAltText": [Function],
  "queryAllByDisplayValue": [Function],
  "queryAllByLabelText": [Function],
  "queryAllByPlaceholderText": [Function],
  "queryAllByRole": [Function],
  "queryAllByTestId": [Function],
  "queryAllByText": [Function],
  "queryAllByTitle": [Function],
  "queryByAltText": [Function],
  "queryByDisplayValue": [Function],
  "queryByLabelText": [Function],
  "queryByPlaceholderText": [Function],
  "queryByRole": [Function],
  "queryByTestId": [Function],
  "queryByText": [Function],
  "queryByTitle": [Function],
  "rerender": [Function],
  "unmount": [Function],
}
`;
