// Jest Snapshot v1, https://goo.gl/fbAQLP

exports[`ProductPage dispatch should be called if button is pressed 1`] = `
Object {
  "asFragment": [Function],
  "baseElement": <body>
    <div>
      <div>
        <div
          class="container"
        >
          <div
            class="product"
            data-testid="product"
          >
            <img
              alt="productImage"
              height="470"
              src="https://avatars.mds.yandex.net/get-mpic/7430655/img_id5647655404806821469.jpeg/orig"
            />
            <div
              class="content"
            >
              <span>
                В наличии
              </span>
              <h1>
                Дезодорант DRY RU женский мужской, противомикробный спрей для ног от пота и запаха
              </h1>
              <div
                class="adding"
              >
                <p>
                  604
                   ₽
                </p>
                <div
                  class="countBlock"
                >
                  <button>
                    -
                  </button>
                  <p>
                    1
                  </p>
                  <button>
                    +
                  </button>
                </div>
              </div>
              <div
                class="ad"
              >
                <div
                  class="adHead"
                >
                  <button
                    class="alreadyAdd"
                    data-testid="alreadyAddButton"
                  >
                    Добавлено!
                  </button>
                  <button>
                    <img
                      alt="share"
                      src="/images/icons/share.svg"
                    />
                  </button>
                </div>
                <button>
                  При покупке от 10 000 ₽ бесплатная доставка по Кокчетаву и области
                   
                </button>
                <button>
                  Прайс-лист
                  <img
                    alt="download"
                    src="/images/icons/download-black.svg"
                  />
                </button>
              </div>
              <div
                class="info"
              >
                <p>
                  Производитель: 
                  <span>
                    Швеция
                  </span>
                </p>
                <p>
                  Бренд: 
                  <span>
                    DRY RU
                  </span>
                </p>
                <p>
                  Арткул: 
                  <span>
                    871196
                  </span>
                </p>
                <p>
                  Штрихкод: 
                  <span>
                    8711965885412
                  </span>
                </p>
              </div>
              <div
                class="description"
              >
                <h3
                  class=""
                >
                  Описание
                </h3>
              </div>
              <div
                class="specifications"
              >
                <h3
                  class=""
                >
                  Характеристики
                </h3>
              </div>
            </div>
          </div>
        </div>
      </div>
    </div>
  </body>,
  "container": <div>
    <div>
      <div
        class="container"
      >
        <div
          class="product"
          data-testid="product"
        >
          <img
            alt="productImage"
            height="470"
            src="https://avatars.mds.yandex.net/get-mpic/7430655/img_id5647655404806821469.jpeg/orig"
          />
          <div
            class="content"
          >
            <span>
              В наличии
            </span>
            <h1>
              Дезодорант DRY RU женский мужской, противомикробный спрей для ног от пота и запаха
            </h1>
            <div
              class="adding"
            >
              <p>
                604
                 ₽
              </p>
              <div
                class="countBlock"
              >
                <button>
                  -
                </button>
                <p>
                  1
                </p>
                <button>
                  +
                </button>
              </div>
            </div>
            <div
              class="ad"
            >
              <div
                class="adHead"
              >
                <button
                  class="alreadyAdd"
                  data-testid="alreadyAddButton"
                >
                  Добавлено!
                </button>
                <button>
                  <img
                    alt="share"
                    src="/images/icons/share.svg"
                  />
                </button>
              </div>
              <button>
                При покупке от 10 000 ₽ бесплатная доставка по Кокчетаву и области
                 
              </button>
              <button>
                Прайс-лист
                <img
                  alt="download"
                  src="/images/icons/download-black.svg"
                />
              </button>
            </div>
            <div
              class="info"
            >
              <p>
                Производитель: 
                <span>
                  Швеция
                </span>
              </p>
              <p>
                Бренд: 
                <span>
                  DRY RU
                </span>
              </p>
              <p>
                Арткул: 
                <span>
                  871196
                </span>
              </p>
              <p>
                Штрихкод: 
                <span>
                  8711965885412
                </span>
              </p>
            </div>
            <div
              class="description"
            >
              <h3
                class=""
              >
                Описание
              </h3>
            </div>
            <div
              class="specifications"
            >
              <h3
                class=""
              >
                Характеристики
              </h3>
            </div>
          </div>
        </div>
      </div>
    </div>
  </div>,
  "debug": [Function],
  "findAllByAltText": [Function],
  "findAllByDisplayValue": [Function],
  "findAllByLabelText": [Function],
  "findAllByPlaceholderText": [Function],
  "findAllByRole": [Function],
  "findAllByTestId": [Function],
  "findAllByText": [Function],
  "findAllByTitle": [Function],
  "findByAltText": [Function],
  "findByDisplayValue": [Function],
  "findByLabelText": [Function],
  "findByPlaceholderText": [Function],
  "findByRole": [Function],
  "findByTestId": [Function],
  "findByText": [Function],
  "findByTitle": [Function],
  "getAllByAltText": [Function],
  "getAllByDisplayValue": [Function],
  "getAllByLabelText": [Function],
  "getAllByPlaceholderText": [Function],
  "getAllByRole": [Function],
  "getAllByTestId": [Function],
  "getAllByText": [Function],
  "getAllByTitle": [Function],
  "getByAltText": [Function],
  "getByDisplayValue": [Function],
  "getByLabelText": [Function],
  "getByPlaceholderText": [Function],
  "getByRole": [Function],
  "getByTestId": [Function],
  "getByText": [Function],
  "getByTitle": [Function],
  "queryAllByAltText": [Function],
  "queryAllByDisplayValue": [Function],
  "queryAllByLabelText": [Function],
  "queryAllByPlaceholderText": [Function],
  "queryAllByRole": [Function],
  "queryAllByTestId": [Function],
  "queryAllByText": [Function],
  "queryAllByTitle": [Function],
  "queryByAltText": [Function],
  "queryByDisplayValue": [Function],
  "queryByLabelText": [Function],
  "queryByPlaceholderText": [Function],
  "queryByRole": [Function],
  "queryByTestId": [Function],
  "queryByText": [Function],
  "queryByTitle": [Function],
  "rerender": [Function],
  "unmount": [Function],
}
`;

exports[`ProductPage should render ProductPage 1`] = `
Object {
  "asFragment": [Function],
  "baseElement": <body>
    <div>
      <div>
        <div
          class="container"
        >
          <div
            class="product"
            data-testid="product"
          >
            <img
              alt="productImage"
              height="470"
              src="https://avatars.mds.yandex.net/get-mpic/7430655/img_id5647655404806821469.jpeg/orig"
            />
            <div
              class="content"
            >
              <span>
                В наличии
              </span>
              <h1>
                Дезодорант DRY RU женский мужской, противомикробный спрей для ног от пота и запаха
              </h1>
              <div
                class="adding"
              >
                <p>
                  604
                   ₽
                </p>
                <div
                  class="countBlock"
                >
                  <button>
                    -
                  </button>
                  <p>
                    1
                  </p>
                  <button>
                    +
                  </button>
                </div>
              </div>
              <div
                class="ad"
              >
                <div
                  class="adHead"
                >
                  <button
                    class="alreadyAdd"
                    data-testid="alreadyAddButton"
                  >
                    Добавлено!
                  </button>
                  <button>
                    <img
                      alt="share"
                      src="/images/icons/share.svg"
                    />
                  </button>
                </div>
                <button>
                  При покупке от 10 000 ₽ бесплатная доставка по Кокчетаву и области
                   
                </button>
                <button>
                  Прайс-лист
                  <img
                    alt="download"
                    src="/images/icons/download-black.svg"
                  />
                </button>
              </div>
              <div
                class="info"
              >
                <p>
                  Производитель: 
                  <span>
                    Швеция
                  </span>
                </p>
                <p>
                  Бренд: 
                  <span>
                    DRY RU
                  </span>
                </p>
                <p>
                  Арткул: 
                  <span>
                    871196
                  </span>
                </p>
                <p>
                  Штрихкод: 
                  <span>
                    8711965885412
                  </span>
                </p>
              </div>
              <div
                class="description"
              >
                <h3
                  class=""
                >
                  Описание
                </h3>
              </div>
              <div
                class="specifications"
              >
                <h3
                  class=""
                >
                  Характеристики
                </h3>
              </div>
            </div>
          </div>
        </div>
      </div>
    </div>
  </body>,
  "container": <div>
    <div>
      <div
        class="container"
      >
        <div
          class="product"
          data-testid="product"
        >
          <img
            alt="productImage"
            height="470"
            src="https://avatars.mds.yandex.net/get-mpic/7430655/img_id5647655404806821469.jpeg/orig"
          />
          <div
            class="content"
          >
            <span>
              В наличии
            </span>
            <h1>
              Дезодорант DRY RU женский мужской, противомикробный спрей для ног от пота и запаха
            </h1>
            <div
              class="adding"
            >
              <p>
                604
                 ₽
              </p>
              <div
                class="countBlock"
              >
                <button>
                  -
                </button>
                <p>
                  1
                </p>
                <button>
                  +
                </button>
              </div>
            </div>
            <div
              class="ad"
            >
              <div
                class="adHead"
              >
                <button
                  class="alreadyAdd"
                  data-testid="alreadyAddButton"
                >
                  Добавлено!
                </button>
                <button>
                  <img
                    alt="share"
                    src="/images/icons/share.svg"
                  />
                </button>
              </div>
              <button>
                При покупке от 10 000 ₽ бесплатная доставка по Кокчетаву и области
                 
              </button>
              <button>
                Прайс-лист
                <img
                  alt="download"
                  src="/images/icons/download-black.svg"
                />
              </button>
            </div>
            <div
              class="info"
            >
              <p>
                Производитель: 
                <span>
                  Швеция
                </span>
              </p>
              <p>
                Бренд: 
                <span>
                  DRY RU
                </span>
              </p>
              <p>
                Арткул: 
                <span>
                  871196
                </span>
              </p>
              <p>
                Штрихкод: 
                <span>
                  8711965885412
                </span>
              </p>
            </div>
            <div
              class="description"
            >
              <h3
                class=""
              >
                Описание
              </h3>
            </div>
            <div
              class="specifications"
            >
              <h3
                class=""
              >
                Характеристики
              </h3>
            </div>
          </div>
        </div>
      </div>
    </div>
  </div>,
  "debug": [Function],
  "findAllByAltText": [Function],
  "findAllByDisplayValue": [Function],
  "findAllByLabelText": [Function],
  "findAllByPlaceholderText": [Function],
  "findAllByRole": [Function],
  "findAllByTestId": [Function],
  "findAllByText": [Function],
  "findAllByTitle": [Function],
  "findByAltText": [Function],
  "findByDisplayValue": [Function],
  "findByLabelText": [Function],
  "findByPlaceholderText": [Function],
  "findByRole": [Function],
  "findByTestId": [Function],
  "findByText": [Function],
  "findByTitle": [Function],
  "getAllByAltText": [Function],
  "getAllByDisplayValue": [Function],
  "getAllByLabelText": [Function],
  "getAllByPlaceholderText": [Function],
  "getAllByRole": [Function],
  "getAllByTestId": [Function],
  "getAllByText": [Function],
  "getAllByTitle": [Function],
  "getByAltText": [Function],
  "getByDisplayValue": [Function],
  "getByLabelText": [Function],
  "getByPlaceholderText": [Function],
  "getByRole": [Function],
  "getByTestId": [Function],
  "getByText": [Function],
  "getByTitle": [Function],
  "queryAllByAltText": [Function],
  "queryAllByDisplayValue": [Function],
  "queryAllByLabelText": [Function],
  "queryAllByPlaceholderText": [Function],
  "queryAllByRole": [Function],
  "queryAllByTestId": [Function],
  "queryAllByText": [Function],
  "queryAllByTitle": [Function],
  "queryByAltText": [Function],
  "queryByDisplayValue": [Function],
  "queryByLabelText": [Function],
  "queryByPlaceholderText": [Function],
  "queryByRole": [Function],
  "queryByTestId": [Function],
  "queryByText": [Function],
  "queryByTitle": [Function],
  "rerender": [Function],
  "unmount": [Function],
}
`;
